2026-08-14 14:46:59,365  INFO      eds_loader.cli.main  eds-loader run invoked (config=loader_mongodb.yaml, dry_run=True)
2026-08-14 14:46:59,366  INFO      eds_loader.cli.main  Config loaded: source=local_fs target=mongodb tables=(all) enforce_constraints=False schema_required=False
2026-08-14 14:46:59,373  INFO      eds_loader.cli.main  Dry-run: reading (auto-discovered) dataset(s) from source
2026-08-14 14:46:59,373  DEBUG     eds_loader.connectors.local_fs  Auto-discovered 39 parquet file(s) in C:\Users\Mohit Patel\Downloads\EDS\EDS\output
2026-08-14 14:46:59,430  INFO      eds_loader.connectors.local_fs  Read brands: 50 row(s) from C:\Users\Mohit Patel\Downloads\EDS\EDS\output\brands.parquet
2026-08-14 14:46:59,440  INFO      eds_loader.connectors.local_fs  Read cart_items: 1703 row(s) from C:\Users\Mohit Patel\Downloads\EDS\EDS\output\cart_items.parquet
2026-08-14 14:46:59,443  INFO      eds_loader.connectors.local_fs  Read categories: 168 row(s) from C:\Users\Mohit Patel\Downloads\EDS\EDS\output\categories.parquet
2026-08-14 14:46:59,455  INFO      eds_loader.connectors.local_fs  Read category_views: 28310 row(s) from C:\Users\Mohit Patel\Downloads\EDS\EDS\output\category_views.parquet
2026-08-14 14:46:59,462  INFO      eds_loader.connectors.local_fs  Read checkout: 376 row(s) from C:\Users\Mohit Patel\Downloads\EDS\EDS\output\checkout.parquet
2026-08-14 14:46:59,470  INFO      eds_loader.connectors.local_fs  Read cities: 255 row(s) from C:\Users\Mohit Patel\Downloads\EDS\EDS\output\cities.parquet
2026-08-14 14:46:59,482  INFO      eds_loader.connectors.local_fs  Read countries: 1 row(s) from C:\Users\Mohit Patel\Downloads\EDS\EDS\output\countries.parquet
2026-08-14 14:46:59,495  INFO      eds_loader.connectors.local_fs  Read coupon_types: 8 row(s) from C:\Users\Mohit Patel\Downloads\EDS\EDS\output\coupon_types.parquet
2026-08-14 14:46:59,505  INFO      eds_loader.connectors.local_fs  Read customer_addresses: 1495 row(s) from C:\Users\Mohit Patel\Downloads\EDS\EDS\output\customer_addresses.parquet
2026-08-14 14:46:59,514  INFO      eds_loader.connectors.local_fs  Read customer_loyalty: 1000 row(s) from C:\Users\Mohit Patel\Downloads\EDS\EDS\output\customer_loyalty.parquet
2026-08-14 14:46:59,523  INFO      eds_loader.connectors.local_fs  Read customer_personas: 1000 row(s) from C:\Users\Mohit Patel\Downloads\EDS\EDS\output\customer_personas.parquet
2026-08-14 14:46:59,532  INFO      eds_loader.connectors.local_fs  Read customer_preferences: 1000 row(s) from C:\Users\Mohit Patel\Downloads\EDS\EDS\output\customer_preferences.parquet
2026-08-14 14:46:59,540  INFO      eds_loader.connectors.local_fs  Read customers: 1000 row(s) from C:\Users\Mohit Patel\Downloads\EDS\EDS\output\customers.parquet
2026-08-14 14:46:59,552  INFO      eds_loader.connectors.local_fs  Read inventory: 3000 row(s) from C:\Users\Mohit Patel\Downloads\EDS\EDS\output\inventory.parquet
2026-08-14 14:46:59,560  INFO      eds_loader.connectors.local_fs  Read order_lines: 513 row(s) from C:\Users\Mohit Patel\Downloads\EDS\EDS\output\order_lines.parquet
2026-08-14 14:46:59,569  INFO      eds_loader.connectors.local_fs  Read order_status_history: 879 row(s) from C:\Users\Mohit Patel\Downloads\EDS\EDS\output\order_status_history.parquet
2026-08-14 14:46:59,579  INFO      eds_loader.connectors.local_fs  Read orders: 311 row(s) from C:\Users\Mohit Patel\Downloads\EDS\EDS\output\orders.parquet
2026-08-14 14:46:59,586  INFO      eds_loader.connectors.local_fs  Read payment_methods: 13 row(s) from C:\Users\Mohit Patel\Downloads\EDS\EDS\output\payment_methods.parquet
2026-08-14 14:46:59,595  INFO      eds_loader.connectors.local_fs  Read payment_status_history: 596 row(s) from C:\Users\Mohit Patel\Downloads\EDS\EDS\output\payment_status_history.parquet
2026-08-14 14:46:59,605  INFO      eds_loader.connectors.local_fs  Read payments: 309 row(s) from C:\Users\Mohit Patel\Downloads\EDS\EDS\output\payments.parquet
2026-08-14 14:46:59,623  INFO      eds_loader.connectors.local_fs  Read product_views: 88248 row(s) from C:\Users\Mohit Patel\Downloads\EDS\EDS\output\product_views.parquet
2026-08-14 14:46:59,635  INFO      eds_loader.connectors.local_fs  Read products: 1000 row(s) from C:\Users\Mohit Patel\Downloads\EDS\EDS\output\products.parquet
2026-08-14 14:46:59,637  INFO      eds_loader.connectors.local_fs  Read return_items: 42 row(s) from C:\Users\Mohit Patel\Downloads\EDS\EDS\output\return_items.parquet
2026-08-14 14:46:59,639  INFO      eds_loader.connectors.local_fs  Read return_reasons: 5 row(s) from C:\Users\Mohit Patel\Downloads\EDS\EDS\output\return_reasons.parquet
2026-08-14 14:46:59,642  INFO      eds_loader.connectors.local_fs  Read return_status_history: 168 row(s) from C:\Users\Mohit Patel\Downloads\EDS\EDS\output\return_status_history.parquet
2026-08-14 14:46:59,650  INFO      eds_loader.connectors.local_fs  Read returns: 35 row(s) from C:\Users\Mohit Patel\Downloads\EDS\EDS\output\returns.parquet
2026-08-14 14:46:59,661  INFO      eds_loader.connectors.local_fs  Read reviews: 58 row(s) from C:\Users\Mohit Patel\Downloads\EDS\EDS\output\reviews.parquet
2026-08-14 14:46:59,672  INFO      eds_loader.connectors.local_fs  Read search_history: 11460 row(s) from C:\Users\Mohit Patel\Downloads\EDS\EDS\output\search_history.parquet
2026-08-14 14:46:59,681  INFO      eds_loader.connectors.local_fs  Read sessions: 5752 row(s) from C:\Users\Mohit Patel\Downloads\EDS\EDS\output\sessions.parquet
2026-08-14 14:46:59,689  INFO      eds_loader.connectors.local_fs  Read shipment_items: 469 row(s) from C:\Users\Mohit Patel\Downloads\EDS\EDS\output\shipment_items.parquet
2026-08-14 14:46:59,700  INFO      eds_loader.connectors.local_fs  Read shipment_status_history: 1379 row(s) from C:\Users\Mohit Patel\Downloads\EDS\EDS\output\shipment_status_history.parquet
2026-08-14 14:46:59,709  INFO      eds_loader.connectors.local_fs  Read shipments: 283 row(s) from C:\Users\Mohit Patel\Downloads\EDS\EDS\output\shipments.parquet
2026-08-14 14:46:59,720  INFO      eds_loader.connectors.local_fs  Read shipping_methods: 9 row(s) from C:\Users\Mohit Patel\Downloads\EDS\EDS\output\shipping_methods.parquet
2026-08-14 14:46:59,727  INFO      eds_loader.connectors.local_fs  Read shopping_carts: 914 row(s) from C:\Users\Mohit Patel\Downloads\EDS\EDS\output\shopping_carts.parquet
2026-08-14 14:46:59,746  INFO      eds_loader.connectors.local_fs  Read states: 51 row(s) from C:\Users\Mohit Patel\Downloads\EDS\EDS\output\states.parquet
2026-08-14 14:46:59,749  INFO      eds_loader.connectors.local_fs  Read suppliers: 25 row(s) from C:\Users\Mohit Patel\Downloads\EDS\EDS\output\suppliers.parquet
2026-08-14 14:46:59,757  INFO      eds_loader.connectors.local_fs  Read tax_codes: 7 row(s) from C:\Users\Mohit Patel\Downloads\EDS\EDS\output\tax_codes.parquet
2026-08-14 14:46:59,767  INFO      eds_loader.connectors.local_fs  Read warehouses: 10 row(s) from C:\Users\Mohit Patel\Downloads\EDS\EDS\output\warehouses.parquet
2026-08-14 14:46:59,776  INFO      eds_loader.connectors.local_fs  Read wishlists: 988 row(s) from C:\Users\Mohit Patel\Downloads\EDS\EDS\output\wishlists.parquet
2026-08-14 14:46:59,779  INFO      eds_loader.cli.main  Dry-run complete: 152890 row(s) across 39 dataset(s)
2026-08-14 14:47:36,664  INFO      eds_loader.cli.main  eds-loader run invoked (config=loader_mongodb.yaml, dry_run=False)
2026-08-14 14:47:36,665  INFO      eds_loader.cli.main  Config loaded: source=local_fs target=mongodb tables=(all) enforce_constraints=False schema_required=False
2026-08-14 14:47:36,665  INFO      eds_loader.loader  Starting load: source=local_fs target=mongodb schema_required=False enforce_constraints=False
2026-08-14 14:47:36,666  DEBUG     eds_loader.loader  Source connector instantiated: LocalFSConnector
2026-08-14 14:47:36,666  DEBUG     eds_loader.loader  Target connector instantiated: MongoDBConnector
2026-08-14 14:47:36,666  INFO      eds_loader.loader  schema_required=False — auto-discovering datasets at source
2026-08-14 14:47:36,666  DEBUG     eds_loader.connectors.local_fs  Auto-discovered 39 parquet file(s) in C:\Users\Mohit Patel\Downloads\EDS\EDS\output
2026-08-14 14:47:36,670  INFO      eds_loader.connectors.local_fs  Read brands: 50 row(s) from C:\Users\Mohit Patel\Downloads\EDS\EDS\output\brands.parquet
2026-08-14 14:47:36,671  INFO      eds_loader.connectors.local_fs  Read cart_items: 1703 row(s) from C:\Users\Mohit Patel\Downloads\EDS\EDS\output\cart_items.parquet
2026-08-14 14:47:36,672  INFO      eds_loader.connectors.local_fs  Read categories: 168 row(s) from C:\Users\Mohit Patel\Downloads\EDS\EDS\output\categories.parquet
2026-08-14 14:47:36,674  INFO      eds_loader.connectors.local_fs  Read category_views: 28310 row(s) from C:\Users\Mohit Patel\Downloads\EDS\EDS\output\category_views.parquet
2026-08-14 14:47:36,675  INFO      eds_loader.connectors.local_fs  Read checkout: 376 row(s) from C:\Users\Mohit Patel\Downloads\EDS\EDS\output\checkout.parquet
2026-08-14 14:47:36,676  INFO      eds_loader.connectors.local_fs  Read cities: 255 row(s) from C:\Users\Mohit Patel\Downloads\EDS\EDS\output\cities.parquet
2026-08-14 14:47:36,677  INFO      eds_loader.connectors.local_fs  Read countries: 1 row(s) from C:\Users\Mohit Patel\Downloads\EDS\EDS\output\countries.parquet
2026-08-14 14:47:36,678  INFO      eds_loader.connectors.local_fs  Read coupon_types: 8 row(s) from C:\Users\Mohit Patel\Downloads\EDS\EDS\output\coupon_types.parquet
2026-08-14 14:47:36,679  INFO      eds_loader.connectors.local_fs  Read customer_addresses: 1495 row(s) from C:\Users\Mohit Patel\Downloads\EDS\EDS\output\customer_addresses.parquet
2026-08-14 14:47:36,680  INFO      eds_loader.connectors.local_fs  Read customer_loyalty: 1000 row(s) from C:\Users\Mohit Patel\Downloads\EDS\EDS\output\customer_loyalty.parquet
2026-08-14 14:47:36,681  INFO      eds_loader.connectors.local_fs  Read customer_personas: 1000 row(s) from C:\Users\Mohit Patel\Downloads\EDS\EDS\output\customer_personas.parquet
2026-08-14 14:47:36,681  INFO      eds_loader.connectors.local_fs  Read customer_preferences: 1000 row(s) from C:\Users\Mohit Patel\Downloads\EDS\EDS\output\customer_preferences.parquet
2026-08-14 14:47:36,682  INFO      eds_loader.connectors.local_fs  Read customers: 1000 row(s) from C:\Users\Mohit Patel\Downloads\EDS\EDS\output\customers.parquet
2026-08-14 14:47:36,684  INFO      eds_loader.connectors.local_fs  Read inventory: 3000 row(s) from C:\Users\Mohit Patel\Downloads\EDS\EDS\output\inventory.parquet
2026-08-14 14:47:36,685  INFO      eds_loader.connectors.local_fs  Read order_lines: 513 row(s) from C:\Users\Mohit Patel\Downloads\EDS\EDS\output\order_lines.parquet
2026-08-14 14:47:36,687  INFO      eds_loader.connectors.local_fs  Read order_status_history: 879 row(s) from C:\Users\Mohit Patel\Downloads\EDS\EDS\output\order_status_history.parquet
2026-08-14 14:47:36,689  INFO      eds_loader.connectors.local_fs  Read orders: 311 row(s) from C:\Users\Mohit Patel\Downloads\EDS\EDS\output\orders.parquet
2026-08-14 14:47:36,690  INFO      eds_loader.connectors.local_fs  Read payment_methods: 13 row(s) from C:\Users\Mohit Patel\Downloads\EDS\EDS\output\payment_methods.parquet
2026-08-14 14:47:36,691  INFO      eds_loader.connectors.local_fs  Read payment_status_history: 596 row(s) from C:\Users\Mohit Patel\Downloads\EDS\EDS\output\payment_status_history.parquet
2026-08-14 14:47:36,692  INFO      eds_loader.connectors.local_fs  Read payments: 309 row(s) from C:\Users\Mohit Patel\Downloads\EDS\EDS\output\payments.parquet
2026-08-14 14:47:36,698  INFO      eds_loader.connectors.local_fs  Read product_views: 88248 row(s) from C:\Users\Mohit Patel\Downloads\EDS\EDS\output\product_views.parquet
2026-08-14 14:47:36,699  INFO      eds_loader.connectors.local_fs  Read products: 1000 row(s) from C:\Users\Mohit Patel\Downloads\EDS\EDS\output\products.parquet
2026-08-14 14:47:36,700  INFO      eds_loader.connectors.local_fs  Read return_items: 42 row(s) from C:\Users\Mohit Patel\Downloads\EDS\EDS\output\return_items.parquet
2026-08-14 14:47:36,701  INFO      eds_loader.connectors.local_fs  Read return_reasons: 5 row(s) from C:\Users\Mohit Patel\Downloads\EDS\EDS\output\return_reasons.parquet
2026-08-14 14:47:36,702  INFO      eds_loader.connectors.local_fs  Read return_status_history: 168 row(s) from C:\Users\Mohit Patel\Downloads\EDS\EDS\output\return_status_history.parquet
2026-08-14 14:47:36,703  INFO      eds_loader.connectors.local_fs  Read returns: 35 row(s) from C:\Users\Mohit Patel\Downloads\EDS\EDS\output\returns.parquet
2026-08-14 14:47:36,704  INFO      eds_loader.connectors.local_fs  Read reviews: 58 row(s) from C:\Users\Mohit Patel\Downloads\EDS\EDS\output\reviews.parquet
2026-08-14 14:47:36,706  INFO      eds_loader.connectors.local_fs  Read search_history: 11460 row(s) from C:\Users\Mohit Patel\Downloads\EDS\EDS\output\search_history.parquet
2026-08-14 14:47:36,708  INFO      eds_loader.connectors.local_fs  Read sessions: 5752 row(s) from C:\Users\Mohit Patel\Downloads\EDS\EDS\output\sessions.parquet
2026-08-14 14:47:36,709  INFO      eds_loader.connectors.local_fs  Read shipment_items: 469 row(s) from C:\Users\Mohit Patel\Downloads\EDS\EDS\output\shipment_items.parquet
2026-08-14 14:47:36,710  INFO      eds_loader.connectors.local_fs  Read shipment_status_history: 1379 row(s) from C:\Users\Mohit Patel\Downloads\EDS\EDS\output\shipment_status_history.parquet
2026-08-14 14:47:36,711  INFO      eds_loader.connectors.local_fs  Read shipments: 283 row(s) from C:\Users\Mohit Patel\Downloads\EDS\EDS\output\shipments.parquet
2026-08-14 14:47:36,711  INFO      eds_loader.connectors.local_fs  Read shipping_methods: 9 row(s) from C:\Users\Mohit Patel\Downloads\EDS\EDS\output\shipping_methods.parquet
2026-08-14 14:47:36,712  INFO      eds_loader.connectors.local_fs  Read shopping_carts: 914 row(s) from C:\Users\Mohit Patel\Downloads\EDS\EDS\output\shopping_carts.parquet
2026-08-14 14:47:36,713  INFO      eds_loader.connectors.local_fs  Read states: 51 row(s) from C:\Users\Mohit Patel\Downloads\EDS\EDS\output\states.parquet
2026-08-14 14:47:36,714  INFO      eds_loader.connectors.local_fs  Read suppliers: 25 row(s) from C:\Users\Mohit Patel\Downloads\EDS\EDS\output\suppliers.parquet
2026-08-14 14:47:36,714  INFO      eds_loader.connectors.local_fs  Read tax_codes: 7 row(s) from C:\Users\Mohit Patel\Downloads\EDS\EDS\output\tax_codes.parquet
2026-08-14 14:47:36,715  INFO      eds_loader.connectors.local_fs  Read warehouses: 10 row(s) from C:\Users\Mohit Patel\Downloads\EDS\EDS\output\warehouses.parquet
2026-08-14 14:47:36,716  INFO      eds_loader.connectors.local_fs  Read wishlists: 988 row(s) from C:\Users\Mohit Patel\Downloads\EDS\EDS\output\wishlists.parquet
2026-08-14 14:47:36,716  INFO      eds_loader.loader  Read 39 dataset(s) from source: brands, cart_items, categories, category_views, checkout, cities, countries, coupon_types, customer_addresses, customer_loyalty, customer_personas, customer_preferences, customers, inventory, order_lines, order_status_history, orders, payment_methods, payment_status_history, payments, product_views, products, return_items, return_reasons, return_status_history, returns, reviews, search_history, sessions, shipment_items, shipment_status_history, shipments, shipping_methods, shopping_carts, states, suppliers, tax_codes, warehouses, wishlists
2026-08-14 14:47:36,796  INFO      eds_loader.connectors.mongodb  Connected to MongoDB localhost:27017/eds_db
2026-08-14 14:47:36,796  DEBUG     eds_loader.connectors.mongodb  [brands] dropping existing collection
2026-08-14 14:47:36,812  DEBUG     eds_loader.connectors.mongodb  [brands] inserting 50 document(s)
2026-08-14 14:47:36,821  INFO      eds_loader.connectors.mongodb  [brands] wrote 50 document(s) in 0.02s
2026-08-14 14:47:36,821  DEBUG     eds_loader.connectors.mongodb  [cart_items] dropping existing collection
2026-08-14 14:47:36,822  DEBUG     eds_loader.connectors.mongodb  [cart_items] inserting 1703 document(s)
2026-08-14 14:47:36,844  INFO      eds_loader.connectors.mongodb  [cart_items] wrote 1703 document(s) in 0.02s
2026-08-14 14:47:36,844  DEBUG     eds_loader.connectors.mongodb  [categories] dropping existing collection
2026-08-14 14:47:36,845  DEBUG     eds_loader.connectors.mongodb  [categories] inserting 168 document(s)
2026-08-14 14:47:36,853  INFO      eds_loader.connectors.mongodb  [categories] wrote 168 document(s) in 0.01s
2026-08-14 14:47:36,853  DEBUG     eds_loader.connectors.mongodb  [category_views] dropping existing collection
2026-08-14 14:47:36,854  DEBUG     eds_loader.connectors.mongodb  [category_views] inserting 28310 document(s)
2026-08-14 14:47:37,132  INFO      eds_loader.connectors.mongodb  [category_views] wrote 28310 document(s) in 0.28s
2026-08-14 14:47:37,132  DEBUG     eds_loader.connectors.mongodb  [checkout] dropping existing collection
2026-08-14 14:47:37,133  DEBUG     eds_loader.connectors.mongodb  [checkout] inserting 376 document(s)
2026-08-14 14:47:37,143  INFO      eds_loader.connectors.mongodb  [checkout] wrote 376 document(s) in 0.01s
2026-08-14 14:47:37,143  DEBUG     eds_loader.connectors.mongodb  [cities] dropping existing collection
2026-08-14 14:47:37,143  DEBUG     eds_loader.connectors.mongodb  [cities] inserting 255 document(s)
2026-08-14 14:47:37,151  INFO      eds_loader.connectors.mongodb  [cities] wrote 255 document(s) in 0.01s
2026-08-14 14:47:37,151  DEBUG     eds_loader.connectors.mongodb  [countries] dropping existing collection
2026-08-14 14:47:37,152  DEBUG     eds_loader.connectors.mongodb  [countries] inserting 1 document(s)
2026-08-14 14:47:37,162  INFO      eds_loader.connectors.mongodb  [countries] wrote 1 document(s) in 0.01s
2026-08-14 14:47:37,162  DEBUG     eds_loader.connectors.mongodb  [coupon_types] dropping existing collection
2026-08-14 14:47:37,163  DEBUG     eds_loader.connectors.mongodb  [coupon_types] inserting 8 document(s)
2026-08-14 14:47:37,170  INFO      eds_loader.connectors.mongodb  [coupon_types] wrote 8 document(s) in 0.01s
2026-08-14 14:47:37,171  DEBUG     eds_loader.connectors.mongodb  [customer_addresses] dropping existing collection
2026-08-14 14:47:37,172  DEBUG     eds_loader.connectors.mongodb  [customer_addresses] inserting 1495 document(s)
2026-08-14 14:47:37,189  INFO      eds_loader.connectors.mongodb  [customer_addresses] wrote 1495 document(s) in 0.02s
2026-08-14 14:47:37,189  DEBUG     eds_loader.connectors.mongodb  [customer_loyalty] dropping existing collection
2026-08-14 14:47:37,190  DEBUG     eds_loader.connectors.mongodb  [customer_loyalty] casting Date -> Datetime for column(s): enrollment_date
2026-08-14 14:47:37,197  DEBUG     eds_loader.connectors.mongodb  [customer_loyalty] inserting 1000 document(s)
2026-08-14 14:47:37,211  INFO      eds_loader.connectors.mongodb  [customer_loyalty] wrote 1000 document(s) in 0.02s
2026-08-14 14:47:37,211  DEBUG     eds_loader.connectors.mongodb  [customer_personas] dropping existing collection
2026-08-14 14:47:37,212  DEBUG     eds_loader.connectors.mongodb  [customer_personas] inserting 1000 document(s)
2026-08-14 14:47:37,227  INFO      eds_loader.connectors.mongodb  [customer_personas] wrote 1000 document(s) in 0.02s
2026-08-14 14:47:37,227  DEBUG     eds_loader.connectors.mongodb  [customer_preferences] dropping existing collection
2026-08-14 14:47:37,228  DEBUG     eds_loader.connectors.mongodb  [customer_preferences] inserting 1000 document(s)
2026-08-14 14:47:37,240  INFO      eds_loader.connectors.mongodb  [customer_preferences] wrote 1000 document(s) in 0.01s
2026-08-14 14:47:37,240  DEBUG     eds_loader.connectors.mongodb  [customers] dropping existing collection
2026-08-14 14:47:37,241  DEBUG     eds_loader.connectors.mongodb  [customers] casting Date -> Datetime for column(s): date_of_birth, registration_date
2026-08-14 14:47:37,242  DEBUG     eds_loader.connectors.mongodb  [customers] inserting 1000 document(s)
2026-08-14 14:47:37,260  INFO      eds_loader.connectors.mongodb  [customers] wrote 1000 document(s) in 0.02s
2026-08-14 14:47:37,260  DEBUG     eds_loader.connectors.mongodb  [inventory] dropping existing collection
2026-08-14 14:47:37,261  DEBUG     eds_loader.connectors.mongodb  [inventory] inserting 3000 document(s)
2026-08-14 14:47:37,285  INFO      eds_loader.connectors.mongodb  [inventory] wrote 3000 document(s) in 0.02s
2026-08-14 14:47:37,285  DEBUG     eds_loader.connectors.mongodb  [order_lines] dropping existing collection
2026-08-14 14:47:37,286  DEBUG     eds_loader.connectors.mongodb  [order_lines] inserting 513 document(s)
2026-08-14 14:47:37,297  INFO      eds_loader.connectors.mongodb  [order_lines] wrote 513 document(s) in 0.01s
2026-08-14 14:47:37,298  DEBUG     eds_loader.connectors.mongodb  [order_status_history] dropping existing collection
2026-08-14 14:47:37,298  DEBUG     eds_loader.connectors.mongodb  [order_status_history] inserting 879 document(s)
2026-08-14 14:47:37,311  INFO      eds_loader.connectors.mongodb  [order_status_history] wrote 879 document(s) in 0.01s
2026-08-14 14:47:37,312  DEBUG     eds_loader.connectors.mongodb  [orders] dropping existing collection
2026-08-14 14:47:37,312  DEBUG     eds_loader.connectors.mongodb  [orders] casting Date -> Datetime for column(s): order_date
2026-08-14 14:47:37,312  DEBUG     eds_loader.connectors.mongodb  [orders] inserting 311 document(s)
2026-08-14 14:47:37,322  INFO      eds_loader.connectors.mongodb  [orders] wrote 311 document(s) in 0.01s
2026-08-14 14:47:37,322  DEBUG     eds_loader.connectors.mongodb  [payment_methods] dropping existing collection
2026-08-14 14:47:37,323  DEBUG     eds_loader.connectors.mongodb  [payment_methods] inserting 13 document(s)
2026-08-14 14:47:37,330  INFO      eds_loader.connectors.mongodb  [payment_methods] wrote 13 document(s) in 0.01s
2026-08-14 14:47:37,330  DEBUG     eds_loader.connectors.mongodb  [payment_status_history] dropping existing collection
2026-08-14 14:47:37,330  DEBUG     eds_loader.connectors.mongodb  [payment_status_history] inserting 596 document(s)
2026-08-14 14:47:37,340  INFO      eds_loader.connectors.mongodb  [payment_status_history] wrote 596 document(s) in 0.01s
2026-08-14 14:47:37,341  DEBUG     eds_loader.connectors.mongodb  [payments] dropping existing collection
2026-08-14 14:47:37,341  DEBUG     eds_loader.connectors.mongodb  [payments] inserting 309 document(s)
2026-08-14 14:47:37,350  INFO      eds_loader.connectors.mongodb  [payments] wrote 309 document(s) in 0.01s
2026-08-14 14:47:37,350  DEBUG     eds_loader.connectors.mongodb  [product_views] dropping existing collection
2026-08-14 14:47:37,351  DEBUG     eds_loader.connectors.mongodb  [product_views] inserting 88248 document(s)
2026-08-14 14:47:38,373  INFO      eds_loader.connectors.mongodb  [product_views] wrote 88248 document(s) in 1.02s
2026-08-14 14:47:38,374  DEBUG     eds_loader.connectors.mongodb  [products] dropping existing collection
2026-08-14 14:47:38,374  DEBUG     eds_loader.connectors.mongodb  [products] inserting 1000 document(s)
2026-08-14 14:47:38,400  INFO      eds_loader.connectors.mongodb  [products] wrote 1000 document(s) in 0.03s
2026-08-14 14:47:38,401  DEBUG     eds_loader.connectors.mongodb  [return_items] dropping existing collection
2026-08-14 14:47:38,401  DEBUG     eds_loader.connectors.mongodb  [return_items] inserting 42 document(s)
2026-08-14 14:47:38,410  INFO      eds_loader.connectors.mongodb  [return_items] wrote 42 document(s) in 0.01s
2026-08-14 14:47:38,410  DEBUG     eds_loader.connectors.mongodb  [return_reasons] dropping existing collection
2026-08-14 14:47:38,410  DEBUG     eds_loader.connectors.mongodb  [return_reasons] inserting 5 document(s)
2026-08-14 14:47:38,418  INFO      eds_loader.connectors.mongodb  [return_reasons] wrote 5 document(s) in 0.01s
2026-08-14 14:47:38,418  DEBUG     eds_loader.connectors.mongodb  [return_status_history] dropping existing collection
2026-08-14 14:47:38,419  DEBUG     eds_loader.connectors.mongodb  [return_status_history] inserting 168 document(s)
2026-08-14 14:47:38,427  INFO      eds_loader.connectors.mongodb  [return_status_history] wrote 168 document(s) in 0.01s
2026-08-14 14:47:38,427  DEBUG     eds_loader.connectors.mongodb  [returns] dropping existing collection
2026-08-14 14:47:38,427  DEBUG     eds_loader.connectors.mongodb  [returns] inserting 35 document(s)
2026-08-14 14:47:38,434  INFO      eds_loader.connectors.mongodb  [returns] wrote 35 document(s) in 0.01s
2026-08-14 14:47:38,435  DEBUG     eds_loader.connectors.mongodb  [reviews] dropping existing collection
2026-08-14 14:47:38,435  DEBUG     eds_loader.connectors.mongodb  [reviews] inserting 58 document(s)
2026-08-14 14:47:38,443  INFO      eds_loader.connectors.mongodb  [reviews] wrote 58 document(s) in 0.01s
2026-08-14 14:47:38,443  DEBUG     eds_loader.connectors.mongodb  [search_history] dropping existing collection
2026-08-14 14:47:38,444  DEBUG     eds_loader.connectors.mongodb  [search_history] inserting 11460 document(s)
2026-08-14 14:47:38,532  INFO      eds_loader.connectors.mongodb  [search_history] wrote 11460 document(s) in 0.09s
2026-08-14 14:47:38,532  DEBUG     eds_loader.connectors.mongodb  [sessions] dropping existing collection
2026-08-14 14:47:38,533  DEBUG     eds_loader.connectors.mongodb  [sessions] inserting 5752 document(s)
2026-08-14 14:47:38,594  INFO      eds_loader.connectors.mongodb  [sessions] wrote 5752 document(s) in 0.06s
2026-08-14 14:47:38,594  DEBUG     eds_loader.connectors.mongodb  [shipment_items] dropping existing collection
2026-08-14 14:47:38,595  DEBUG     eds_loader.connectors.mongodb  [shipment_items] inserting 469 document(s)
2026-08-14 14:47:38,606  INFO      eds_loader.connectors.mongodb  [shipment_items] wrote 469 document(s) in 0.01s
2026-08-14 14:47:38,606  DEBUG     eds_loader.connectors.mongodb  [shipment_status_history] dropping existing collection
2026-08-14 14:47:38,607  DEBUG     eds_loader.connectors.mongodb  [shipment_status_history] inserting 1379 document(s)
2026-08-14 14:47:38,620  INFO      eds_loader.connectors.mongodb  [shipment_status_history] wrote 1379 document(s) in 0.01s
2026-08-14 14:47:38,621  DEBUG     eds_loader.connectors.mongodb  [shipments] dropping existing collection
2026-08-14 14:47:38,621  DEBUG     eds_loader.connectors.mongodb  [shipments] inserting 283 document(s)
2026-08-14 14:47:38,630  INFO      eds_loader.connectors.mongodb  [shipments] wrote 283 document(s) in 0.01s
2026-08-14 14:47:38,630  DEBUG     eds_loader.connectors.mongodb  [shipping_methods] dropping existing collection
2026-08-14 14:47:38,631  DEBUG     eds_loader.connectors.mongodb  [shipping_methods] inserting 9 document(s)
2026-08-14 14:47:38,639  INFO      eds_loader.connectors.mongodb  [shipping_methods] wrote 9 document(s) in 0.01s
2026-08-14 14:47:38,639  DEBUG     eds_loader.connectors.mongodb  [shopping_carts] dropping existing collection
2026-08-14 14:47:38,639  DEBUG     eds_loader.connectors.mongodb  [shopping_carts] inserting 914 document(s)
2026-08-14 14:47:38,651  INFO      eds_loader.connectors.mongodb  [shopping_carts] wrote 914 document(s) in 0.01s
2026-08-14 14:47:38,651  DEBUG     eds_loader.connectors.mongodb  [states] dropping existing collection
2026-08-14 14:47:38,652  DEBUG     eds_loader.connectors.mongodb  [states] inserting 51 document(s)
2026-08-14 14:47:38,660  INFO      eds_loader.connectors.mongodb  [states] wrote 51 document(s) in 0.01s
2026-08-14 14:47:38,661  DEBUG     eds_loader.connectors.mongodb  [suppliers] dropping existing collection
2026-08-14 14:47:38,661  DEBUG     eds_loader.connectors.mongodb  [suppliers] inserting 25 document(s)
2026-08-14 14:47:38,668  INFO      eds_loader.connectors.mongodb  [suppliers] wrote 25 document(s) in 0.01s
2026-08-14 14:47:38,669  DEBUG     eds_loader.connectors.mongodb  [tax_codes] dropping existing collection
2026-08-14 14:47:38,670  DEBUG     eds_loader.connectors.mongodb  [tax_codes] inserting 7 document(s)
2026-08-14 14:47:38,679  INFO      eds_loader.connectors.mongodb  [tax_codes] wrote 7 document(s) in 0.01s
2026-08-14 14:47:38,679  DEBUG     eds_loader.connectors.mongodb  [warehouses] dropping existing collection
2026-08-14 14:47:38,679  DEBUG     eds_loader.connectors.mongodb  [warehouses] inserting 10 document(s)
2026-08-14 14:47:38,689  INFO      eds_loader.connectors.mongodb  [warehouses] wrote 10 document(s) in 0.01s
2026-08-14 14:47:38,689  DEBUG     eds_loader.connectors.mongodb  [wishlists] dropping existing collection
2026-08-14 14:47:38,690  DEBUG     eds_loader.connectors.mongodb  [wishlists] inserting 988 document(s)
2026-08-14 14:47:38,706  INFO      eds_loader.connectors.mongodb  [wishlists] wrote 988 document(s) in 0.02s
2026-08-14 14:47:38,706  INFO      eds_loader.loader  Load complete: 152890 row(s) written across 39 table(s)
2026-08-14 14:47:38,707  INFO      eds_loader.cli.main  Run complete: 152890 row(s) across 39 table(s) in 2.0s
