2026-08-18 11:41:35,664  DEBUG     eds_loader.connectors.local_fs  Reading schema.json from C:\Users\Mohit Patel\Downloads\EDS\EDS\output\schema.json
2026-08-18 11:41:35,675  DEBUG     eds_loader.connectors.local_fs  schema.json parsed: 39 dataset(s)
2026-08-18 11:41:48,897  INFO      eds_loader.cli.main  eds-loader run invoked (config=loader.yaml, dry_run=True)
2026-08-18 11:41:48,898  INFO      eds_loader.cli.main  Config loaded: source=local_fs target=azure_blob tables=(all) enforce_constraints=True schema_required=True
2026-08-18 11:41:48,903  DEBUG     eds_loader.connectors.local_fs  Reading schema.json from C:\Users\Mohit Patel\Downloads\EDS\EDS\output\schema.json
2026-08-18 11:41:48,904  DEBUG     eds_loader.connectors.local_fs  schema.json parsed: 39 dataset(s)
2026-08-18 11:41:48,904  INFO      eds_loader.cli.main  Dry-run: reading ['brands', 'cart_items', 'categories', 'category_views', 'checkout', 'cities', 'countries', 'coupon_types', 'customer_addresses', 'customer_loyalty', 'customer_personas', 'customer_preferences', 'customers', 'inventory', 'order_lines', 'order_status_history', 'orders', 'payment_methods', 'payment_status_history', 'payments', 'product_views', 'products', 'return_items', 'return_reasons', 'return_status_history', 'returns', 'reviews', 'search_history', 'sessions', 'shipment_items', 'shipment_status_history', 'shipments', 'shipping_methods', 'shopping_carts', 'states', 'suppliers', 'tax_codes', 'warehouses', 'wishlists'] dataset(s) from source
2026-08-18 11:41:48,968  INFO      eds_loader.connectors.local_fs  Read brands: 50 row(s) from C:\Users\Mohit Patel\Downloads\EDS\EDS\output\brands.parquet
2026-08-18 11:41:48,978  INFO      eds_loader.connectors.local_fs  Read cart_items: 1703 row(s) from C:\Users\Mohit Patel\Downloads\EDS\EDS\output\cart_items.parquet
2026-08-18 11:41:48,985  INFO      eds_loader.connectors.local_fs  Read categories: 168 row(s) from C:\Users\Mohit Patel\Downloads\EDS\EDS\output\categories.parquet
2026-08-18 11:41:48,997  INFO      eds_loader.connectors.local_fs  Read category_views: 28310 row(s) from C:\Users\Mohit Patel\Downloads\EDS\EDS\output\category_views.parquet
2026-08-18 11:41:49,007  INFO      eds_loader.connectors.local_fs  Read checkout: 376 row(s) from C:\Users\Mohit Patel\Downloads\EDS\EDS\output\checkout.parquet
2026-08-18 11:41:49,017  INFO      eds_loader.connectors.local_fs  Read cities: 255 row(s) from C:\Users\Mohit Patel\Downloads\EDS\EDS\output\cities.parquet
2026-08-18 11:41:49,027  INFO      eds_loader.connectors.local_fs  Read countries: 1 row(s) from C:\Users\Mohit Patel\Downloads\EDS\EDS\output\countries.parquet
2026-08-18 11:41:49,035  INFO      eds_loader.connectors.local_fs  Read coupon_types: 8 row(s) from C:\Users\Mohit Patel\Downloads\EDS\EDS\output\coupon_types.parquet
2026-08-18 11:41:49,043  INFO      eds_loader.connectors.local_fs  Read customer_addresses: 1495 row(s) from C:\Users\Mohit Patel\Downloads\EDS\EDS\output\customer_addresses.parquet
2026-08-18 11:41:49,054  INFO      eds_loader.connectors.local_fs  Read customer_loyalty: 1000 row(s) from C:\Users\Mohit Patel\Downloads\EDS\EDS\output\customer_loyalty.parquet
2026-08-18 11:41:49,061  INFO      eds_loader.connectors.local_fs  Read customer_personas: 1000 row(s) from C:\Users\Mohit Patel\Downloads\EDS\EDS\output\customer_personas.parquet
2026-08-18 11:41:49,070  INFO      eds_loader.connectors.local_fs  Read customer_preferences: 1000 row(s) from C:\Users\Mohit Patel\Downloads\EDS\EDS\output\customer_preferences.parquet
2026-08-18 11:41:49,079  INFO      eds_loader.connectors.local_fs  Read customers: 1000 row(s) from C:\Users\Mohit Patel\Downloads\EDS\EDS\output\customers.parquet
2026-08-18 11:41:49,087  INFO      eds_loader.connectors.local_fs  Read inventory: 3000 row(s) from C:\Users\Mohit Patel\Downloads\EDS\EDS\output\inventory.parquet
2026-08-18 11:41:49,097  INFO      eds_loader.connectors.local_fs  Read order_lines: 513 row(s) from C:\Users\Mohit Patel\Downloads\EDS\EDS\output\order_lines.parquet
2026-08-18 11:41:49,106  INFO      eds_loader.connectors.local_fs  Read order_status_history: 879 row(s) from C:\Users\Mohit Patel\Downloads\EDS\EDS\output\order_status_history.parquet
2026-08-18 11:41:49,115  INFO      eds_loader.connectors.local_fs  Read orders: 311 row(s) from C:\Users\Mohit Patel\Downloads\EDS\EDS\output\orders.parquet
2026-08-18 11:41:49,123  INFO      eds_loader.connectors.local_fs  Read payment_methods: 13 row(s) from C:\Users\Mohit Patel\Downloads\EDS\EDS\output\payment_methods.parquet
2026-08-18 11:41:49,133  INFO      eds_loader.connectors.local_fs  Read payment_status_history: 596 row(s) from C:\Users\Mohit Patel\Downloads\EDS\EDS\output\payment_status_history.parquet
2026-08-18 11:41:49,142  INFO      eds_loader.connectors.local_fs  Read payments: 309 row(s) from C:\Users\Mohit Patel\Downloads\EDS\EDS\output\payments.parquet
2026-08-18 11:41:49,159  INFO      eds_loader.connectors.local_fs  Read product_views: 88248 row(s) from C:\Users\Mohit Patel\Downloads\EDS\EDS\output\product_views.parquet
2026-08-18 11:41:49,167  INFO      eds_loader.connectors.local_fs  Read products: 1000 row(s) from C:\Users\Mohit Patel\Downloads\EDS\EDS\output\products.parquet
2026-08-18 11:41:49,175  INFO      eds_loader.connectors.local_fs  Read return_items: 42 row(s) from C:\Users\Mohit Patel\Downloads\EDS\EDS\output\return_items.parquet
2026-08-18 11:41:49,184  INFO      eds_loader.connectors.local_fs  Read return_reasons: 5 row(s) from C:\Users\Mohit Patel\Downloads\EDS\EDS\output\return_reasons.parquet
2026-08-18 11:41:49,192  INFO      eds_loader.connectors.local_fs  Read return_status_history: 168 row(s) from C:\Users\Mohit Patel\Downloads\EDS\EDS\output\return_status_history.parquet
2026-08-18 11:41:49,200  INFO      eds_loader.connectors.local_fs  Read returns: 35 row(s) from C:\Users\Mohit Patel\Downloads\EDS\EDS\output\returns.parquet
2026-08-18 11:41:49,210  INFO      eds_loader.connectors.local_fs  Read reviews: 58 row(s) from C:\Users\Mohit Patel\Downloads\EDS\EDS\output\reviews.parquet
2026-08-18 11:41:49,220  INFO      eds_loader.connectors.local_fs  Read search_history: 11460 row(s) from C:\Users\Mohit Patel\Downloads\EDS\EDS\output\search_history.parquet
2026-08-18 11:41:49,230  INFO      eds_loader.connectors.local_fs  Read sessions: 5752 row(s) from C:\Users\Mohit Patel\Downloads\EDS\EDS\output\sessions.parquet
2026-08-18 11:41:49,240  INFO      eds_loader.connectors.local_fs  Read shipment_items: 469 row(s) from C:\Users\Mohit Patel\Downloads\EDS\EDS\output\shipment_items.parquet
2026-08-18 11:41:49,255  INFO      eds_loader.connectors.local_fs  Read shipment_status_history: 1379 row(s) from C:\Users\Mohit Patel\Downloads\EDS\EDS\output\shipment_status_history.parquet
2026-08-18 11:41:49,263  INFO      eds_loader.connectors.local_fs  Read shipments: 283 row(s) from C:\Users\Mohit Patel\Downloads\EDS\EDS\output\shipments.parquet
2026-08-18 11:41:49,273  INFO      eds_loader.connectors.local_fs  Read shipping_methods: 9 row(s) from C:\Users\Mohit Patel\Downloads\EDS\EDS\output\shipping_methods.parquet
2026-08-18 11:41:49,280  INFO      eds_loader.connectors.local_fs  Read shopping_carts: 914 row(s) from C:\Users\Mohit Patel\Downloads\EDS\EDS\output\shopping_carts.parquet
2026-08-18 11:41:49,300  INFO      eds_loader.connectors.local_fs  Read states: 51 row(s) from C:\Users\Mohit Patel\Downloads\EDS\EDS\output\states.parquet
2026-08-18 11:41:49,310  INFO      eds_loader.connectors.local_fs  Read suppliers: 25 row(s) from C:\Users\Mohit Patel\Downloads\EDS\EDS\output\suppliers.parquet
2026-08-18 11:41:49,318  INFO      eds_loader.connectors.local_fs  Read tax_codes: 7 row(s) from C:\Users\Mohit Patel\Downloads\EDS\EDS\output\tax_codes.parquet
2026-08-18 11:41:49,328  INFO      eds_loader.connectors.local_fs  Read warehouses: 10 row(s) from C:\Users\Mohit Patel\Downloads\EDS\EDS\output\warehouses.parquet
2026-08-18 11:41:49,336  INFO      eds_loader.connectors.local_fs  Read wishlists: 988 row(s) from C:\Users\Mohit Patel\Downloads\EDS\EDS\output\wishlists.parquet
2026-08-18 11:41:49,340  INFO      eds_loader.cli.main  Dry-run complete: 152890 row(s) across 39 dataset(s)
2026-08-18 11:42:13,623  INFO      eds_loader.cli.main  eds-loader run invoked (config=loader.yaml, dry_run=False)
2026-08-18 11:42:13,625  INFO      eds_loader.cli.main  Config loaded: source=local_fs target=azure_blob tables=(all) enforce_constraints=True schema_required=True
2026-08-18 11:42:13,625  INFO      eds_loader.loader  Starting load: source=local_fs target=azure_blob schema_required=True enforce_constraints=True
2026-08-18 11:42:13,625  DEBUG     eds_loader.loader  Source connector instantiated: LocalFSConnector
2026-08-18 11:42:13,625  DEBUG     eds_loader.loader  Target connector instantiated: AzureBlobConnector
2026-08-18 11:42:13,625  INFO      eds_loader.loader  Reading schema.json from source
2026-08-18 11:42:13,625  DEBUG     eds_loader.connectors.local_fs  Reading schema.json from C:\Users\Mohit Patel\Downloads\EDS\EDS\output\schema.json
2026-08-18 11:42:13,626  DEBUG     eds_loader.connectors.local_fs  schema.json parsed: 39 dataset(s)
2026-08-18 11:42:13,626  DEBUG     eds_loader.loader  schema.json contains 39 dataset definition(s)
2026-08-18 11:42:13,626  INFO      eds_loader.loader  Loading 39 table(s): brands, cart_items, categories, category_views, checkout, cities, countries, coupon_types, customer_addresses, customer_loyalty, customer_personas, customer_preferences, customers, inventory, order_lines, order_status_history, orders, payment_methods, payment_status_history, payments, product_views, products, return_items, return_reasons, return_status_history, returns, reviews, search_history, sessions, shipment_items, shipment_status_history, shipments, shipping_methods, shopping_carts, states, suppliers, tax_codes, warehouses, wishlists
2026-08-18 11:42:13,630  INFO      eds_loader.connectors.local_fs  Read brands: 50 row(s) from C:\Users\Mohit Patel\Downloads\EDS\EDS\output\brands.parquet
2026-08-18 11:42:13,632  INFO      eds_loader.connectors.local_fs  Read cart_items: 1703 row(s) from C:\Users\Mohit Patel\Downloads\EDS\EDS\output\cart_items.parquet
2026-08-18 11:42:13,633  INFO      eds_loader.connectors.local_fs  Read categories: 168 row(s) from C:\Users\Mohit Patel\Downloads\EDS\EDS\output\categories.parquet
2026-08-18 11:42:13,635  INFO      eds_loader.connectors.local_fs  Read category_views: 28310 row(s) from C:\Users\Mohit Patel\Downloads\EDS\EDS\output\category_views.parquet
2026-08-18 11:42:13,637  INFO      eds_loader.connectors.local_fs  Read checkout: 376 row(s) from C:\Users\Mohit Patel\Downloads\EDS\EDS\output\checkout.parquet
2026-08-18 11:42:13,637  INFO      eds_loader.connectors.local_fs  Read cities: 255 row(s) from C:\Users\Mohit Patel\Downloads\EDS\EDS\output\cities.parquet
2026-08-18 11:42:13,638  INFO      eds_loader.connectors.local_fs  Read countries: 1 row(s) from C:\Users\Mohit Patel\Downloads\EDS\EDS\output\countries.parquet
2026-08-18 11:42:13,639  INFO      eds_loader.connectors.local_fs  Read coupon_types: 8 row(s) from C:\Users\Mohit Patel\Downloads\EDS\EDS\output\coupon_types.parquet
2026-08-18 11:42:13,640  INFO      eds_loader.connectors.local_fs  Read customer_addresses: 1495 row(s) from C:\Users\Mohit Patel\Downloads\EDS\EDS\output\customer_addresses.parquet
2026-08-18 11:42:13,641  INFO      eds_loader.connectors.local_fs  Read customer_loyalty: 1000 row(s) from C:\Users\Mohit Patel\Downloads\EDS\EDS\output\customer_loyalty.parquet
2026-08-18 11:42:13,642  INFO      eds_loader.connectors.local_fs  Read customer_personas: 1000 row(s) from C:\Users\Mohit Patel\Downloads\EDS\EDS\output\customer_personas.parquet
2026-08-18 11:42:13,643  INFO      eds_loader.connectors.local_fs  Read customer_preferences: 1000 row(s) from C:\Users\Mohit Patel\Downloads\EDS\EDS\output\customer_preferences.parquet
2026-08-18 11:42:13,645  INFO      eds_loader.connectors.local_fs  Read customers: 1000 row(s) from C:\Users\Mohit Patel\Downloads\EDS\EDS\output\customers.parquet
2026-08-18 11:42:13,647  INFO      eds_loader.connectors.local_fs  Read inventory: 3000 row(s) from C:\Users\Mohit Patel\Downloads\EDS\EDS\output\inventory.parquet
2026-08-18 11:42:13,649  INFO      eds_loader.connectors.local_fs  Read order_lines: 513 row(s) from C:\Users\Mohit Patel\Downloads\EDS\EDS\output\order_lines.parquet
2026-08-18 11:42:13,650  INFO      eds_loader.connectors.local_fs  Read order_status_history: 879 row(s) from C:\Users\Mohit Patel\Downloads\EDS\EDS\output\order_status_history.parquet
2026-08-18 11:42:13,652  INFO      eds_loader.connectors.local_fs  Read orders: 311 row(s) from C:\Users\Mohit Patel\Downloads\EDS\EDS\output\orders.parquet
2026-08-18 11:42:13,653  INFO      eds_loader.connectors.local_fs  Read payment_methods: 13 row(s) from C:\Users\Mohit Patel\Downloads\EDS\EDS\output\payment_methods.parquet
2026-08-18 11:42:13,655  INFO      eds_loader.connectors.local_fs  Read payment_status_history: 596 row(s) from C:\Users\Mohit Patel\Downloads\EDS\EDS\output\payment_status_history.parquet
2026-08-18 11:42:13,656  INFO      eds_loader.connectors.local_fs  Read payments: 309 row(s) from C:\Users\Mohit Patel\Downloads\EDS\EDS\output\payments.parquet
2026-08-18 11:42:13,665  INFO      eds_loader.connectors.local_fs  Read product_views: 88248 row(s) from C:\Users\Mohit Patel\Downloads\EDS\EDS\output\product_views.parquet
2026-08-18 11:42:13,666  INFO      eds_loader.connectors.local_fs  Read products: 1000 row(s) from C:\Users\Mohit Patel\Downloads\EDS\EDS\output\products.parquet
2026-08-18 11:42:13,668  INFO      eds_loader.connectors.local_fs  Read return_items: 42 row(s) from C:\Users\Mohit Patel\Downloads\EDS\EDS\output\return_items.parquet
2026-08-18 11:42:13,669  INFO      eds_loader.connectors.local_fs  Read return_reasons: 5 row(s) from C:\Users\Mohit Patel\Downloads\EDS\EDS\output\return_reasons.parquet
2026-08-18 11:42:13,671  INFO      eds_loader.connectors.local_fs  Read return_status_history: 168 row(s) from C:\Users\Mohit Patel\Downloads\EDS\EDS\output\return_status_history.parquet
2026-08-18 11:42:13,672  INFO      eds_loader.connectors.local_fs  Read returns: 35 row(s) from C:\Users\Mohit Patel\Downloads\EDS\EDS\output\returns.parquet
2026-08-18 11:42:13,673  INFO      eds_loader.connectors.local_fs  Read reviews: 58 row(s) from C:\Users\Mohit Patel\Downloads\EDS\EDS\output\reviews.parquet
2026-08-18 11:42:13,675  INFO      eds_loader.connectors.local_fs  Read search_history: 11460 row(s) from C:\Users\Mohit Patel\Downloads\EDS\EDS\output\search_history.parquet
2026-08-18 11:42:13,678  INFO      eds_loader.connectors.local_fs  Read sessions: 5752 row(s) from C:\Users\Mohit Patel\Downloads\EDS\EDS\output\sessions.parquet
2026-08-18 11:42:13,679  INFO      eds_loader.connectors.local_fs  Read shipment_items: 469 row(s) from C:\Users\Mohit Patel\Downloads\EDS\EDS\output\shipment_items.parquet
2026-08-18 11:42:13,681  INFO      eds_loader.connectors.local_fs  Read shipment_status_history: 1379 row(s) from C:\Users\Mohit Patel\Downloads\EDS\EDS\output\shipment_status_history.parquet
2026-08-18 11:42:13,682  INFO      eds_loader.connectors.local_fs  Read shipments: 283 row(s) from C:\Users\Mohit Patel\Downloads\EDS\EDS\output\shipments.parquet
2026-08-18 11:42:13,684  INFO      eds_loader.connectors.local_fs  Read shipping_methods: 9 row(s) from C:\Users\Mohit Patel\Downloads\EDS\EDS\output\shipping_methods.parquet
2026-08-18 11:42:13,685  INFO      eds_loader.connectors.local_fs  Read shopping_carts: 914 row(s) from C:\Users\Mohit Patel\Downloads\EDS\EDS\output\shopping_carts.parquet
2026-08-18 11:42:13,687  INFO      eds_loader.connectors.local_fs  Read states: 51 row(s) from C:\Users\Mohit Patel\Downloads\EDS\EDS\output\states.parquet
2026-08-18 11:42:13,687  INFO      eds_loader.connectors.local_fs  Read suppliers: 25 row(s) from C:\Users\Mohit Patel\Downloads\EDS\EDS\output\suppliers.parquet
2026-08-18 11:42:13,688  INFO      eds_loader.connectors.local_fs  Read tax_codes: 7 row(s) from C:\Users\Mohit Patel\Downloads\EDS\EDS\output\tax_codes.parquet
2026-08-18 11:42:13,689  INFO      eds_loader.connectors.local_fs  Read warehouses: 10 row(s) from C:\Users\Mohit Patel\Downloads\EDS\EDS\output\warehouses.parquet
2026-08-18 11:42:13,690  INFO      eds_loader.connectors.local_fs  Read wishlists: 988 row(s) from C:\Users\Mohit Patel\Downloads\EDS\EDS\output\wishlists.parquet
2026-08-18 11:42:13,690  INFO      eds_loader.loader  Read 39 dataset(s) from source, 152890 total row(s)
2026-08-18 11:42:13,690  DEBUG     eds_loader.loader    brands: 50 row(s), 5 column(s)
2026-08-18 11:42:13,690  DEBUG     eds_loader.loader    cart_items: 1703 row(s), 11 column(s)
2026-08-18 11:42:13,690  DEBUG     eds_loader.loader    categories: 168 row(s), 7 column(s)
2026-08-18 11:42:13,690  DEBUG     eds_loader.loader    category_views: 28310 row(s), 9 column(s)
2026-08-18 11:42:13,690  DEBUG     eds_loader.loader    checkout: 376 row(s), 17 column(s)
2026-08-18 11:42:13,690  DEBUG     eds_loader.loader    cities: 255 row(s), 8 column(s)
2026-08-18 11:42:13,690  DEBUG     eds_loader.loader    countries: 1 row(s), 7 column(s)
2026-08-18 11:42:13,690  DEBUG     eds_loader.loader    coupon_types: 8 row(s), 8 column(s)
2026-08-18 11:42:13,690  DEBUG     eds_loader.loader    customer_addresses: 1495 row(s), 13 column(s)
2026-08-18 11:42:13,690  DEBUG     eds_loader.loader    customer_loyalty: 1000 row(s), 7 column(s)
2026-08-18 11:42:13,690  DEBUG     eds_loader.loader    customer_personas: 1000 row(s), 14 column(s)
2026-08-18 11:42:13,690  DEBUG     eds_loader.loader    customer_preferences: 1000 row(s), 8 column(s)
2026-08-18 11:42:13,690  DEBUG     eds_loader.loader    customers: 1000 row(s), 22 column(s)
2026-08-18 11:42:13,690  DEBUG     eds_loader.loader    inventory: 3000 row(s), 8 column(s)
2026-08-18 11:42:13,690  DEBUG     eds_loader.loader    order_lines: 513 row(s), 7 column(s)
2026-08-18 11:42:13,690  DEBUG     eds_loader.loader    order_status_history: 879 row(s), 5 column(s)
2026-08-18 11:42:13,690  DEBUG     eds_loader.loader    orders: 311 row(s), 16 column(s)
2026-08-18 11:42:13,690  DEBUG     eds_loader.loader    payment_methods: 13 row(s), 7 column(s)
2026-08-18 11:42:13,690  DEBUG     eds_loader.loader    payment_status_history: 596 row(s), 5 column(s)
2026-08-18 11:42:13,690  DEBUG     eds_loader.loader    payments: 309 row(s), 12 column(s)
2026-08-18 11:42:13,690  DEBUG     eds_loader.loader    product_views: 88248 row(s), 12 column(s)
2026-08-18 11:42:13,690  DEBUG     eds_loader.loader    products: 1000 row(s), 17 column(s)
2026-08-18 11:42:13,690  DEBUG     eds_loader.loader    return_items: 42 row(s), 7 column(s)
2026-08-18 11:42:13,690  DEBUG     eds_loader.loader    return_reasons: 5 row(s), 6 column(s)
2026-08-18 11:42:13,691  DEBUG     eds_loader.loader    return_status_history: 168 row(s), 5 column(s)
2026-08-18 11:42:13,691  DEBUG     eds_loader.loader    returns: 35 row(s), 12 column(s)
2026-08-18 11:42:13,691  DEBUG     eds_loader.loader    reviews: 58 row(s), 12 column(s)
2026-08-18 11:42:13,691  DEBUG     eds_loader.loader    search_history: 11460 row(s), 11 column(s)
2026-08-18 11:42:13,691  DEBUG     eds_loader.loader    sessions: 5752 row(s), 19 column(s)
2026-08-18 11:42:13,691  DEBUG     eds_loader.loader    shipment_items: 469 row(s), 6 column(s)
2026-08-18 11:42:13,691  DEBUG     eds_loader.loader    shipment_status_history: 1379 row(s), 5 column(s)
2026-08-18 11:42:13,691  DEBUG     eds_loader.loader    shipments: 283 row(s), 13 column(s)
2026-08-18 11:42:13,691  DEBUG     eds_loader.loader    shipping_methods: 9 row(s), 10 column(s)
2026-08-18 11:42:13,691  DEBUG     eds_loader.loader    shopping_carts: 914 row(s), 7 column(s)
2026-08-18 11:42:13,691  DEBUG     eds_loader.loader    states: 51 row(s), 4 column(s)
2026-08-18 11:42:13,691  DEBUG     eds_loader.loader    suppliers: 25 row(s), 11 column(s)
2026-08-18 11:42:13,691  DEBUG     eds_loader.loader    tax_codes: 7 row(s), 6 column(s)
2026-08-18 11:42:13,691  DEBUG     eds_loader.loader    warehouses: 10 row(s), 10 column(s)
2026-08-18 11:42:13,691  DEBUG     eds_loader.loader    wishlists: 988 row(s), 7 column(s)
2026-08-18 11:42:13,691  DEBUG     eds_loader.loader  Constraint enforcement enabled — forwarding schema metadata to target
2026-08-18 11:42:13,691  INFO      eds_loader.loader  Writing 39 table(s) to target
2026-08-18 11:42:16,831  INFO      eds_loader.loader  Load complete: 152890 row(s) written across 39 table(s)
2026-08-18 11:42:16,835  INFO      eds_loader.cli.main  Run complete: 152890 row(s) across 39 table(s) in 3.2s
2026-08-18 14:35:15,088  INFO      eds_loader.cli.main  eds-loader run invoked (config=loader_mongodb.yaml, dry_run=False)
2026-08-18 14:35:15,092  INFO      eds_loader.cli.main  Config loaded: source=local_fs target=mongodb tables=(all) enforce_constraints=False schema_required=False
2026-08-18 14:35:15,092  INFO      eds_loader.loader  Starting load: source=local_fs target=mongodb schema_required=False enforce_constraints=False
2026-08-18 14:35:15,093  DEBUG     eds_loader.loader  Source connector instantiated: LocalFSConnector
2026-08-18 14:35:15,093  DEBUG     eds_loader.loader  Target connector instantiated: MongoDBConnector
2026-08-18 14:35:15,093  INFO      eds_loader.loader  schema_required=False — auto-discovering datasets at source
2026-08-18 14:35:15,093  DEBUG     eds_loader.connectors.local_fs  Auto-discovered 5 csv file(s) in C:\Users\Mohit Patel\Downloads\healthcare_domain_data
2026-08-18 14:35:15,115  INFO      eds_loader.connectors.local_fs  Read appointments: 300 row(s) from C:\Users\Mohit Patel\Downloads\healthcare_domain_data\appointments.csv
2026-08-18 14:35:15,118  INFO      eds_loader.connectors.local_fs  Read billing: 300 row(s) from C:\Users\Mohit Patel\Downloads\healthcare_domain_data\billing.csv
2026-08-18 14:35:15,119  INFO      eds_loader.connectors.local_fs  Read diagnoses: 250 row(s) from C:\Users\Mohit Patel\Downloads\healthcare_domain_data\diagnoses.csv
2026-08-18 14:35:15,120  INFO      eds_loader.connectors.local_fs  Read doctors: 30 row(s) from C:\Users\Mohit Patel\Downloads\healthcare_domain_data\doctors.csv
2026-08-18 14:35:15,121  INFO      eds_loader.connectors.local_fs  Read patients: 100 row(s) from C:\Users\Mohit Patel\Downloads\healthcare_domain_data\patients.csv
2026-08-18 14:35:15,121  INFO      eds_loader.loader  Read 5 dataset(s) from source: appointments, billing, diagnoses, doctors, patients
2026-08-18 14:35:15,238  INFO      eds_loader.connectors.mongodb  Connected to MongoDB localhost:27017/eds_db
2026-08-18 14:35:15,239  DEBUG     eds_loader.connectors.mongodb  [appointments] dropping existing collection
2026-08-18 14:35:15,282  DEBUG     eds_loader.connectors.mongodb  [appointments] inserting 300 document(s)
2026-08-18 14:35:15,378  INFO      eds_loader.connectors.mongodb  [appointments] wrote 300 document(s) in 0.14s
2026-08-18 14:35:15,379  DEBUG     eds_loader.connectors.mongodb  [billing] dropping existing collection
2026-08-18 14:35:15,380  DEBUG     eds_loader.connectors.mongodb  [billing] inserting 300 document(s)
2026-08-18 14:35:15,395  INFO      eds_loader.connectors.mongodb  [billing] wrote 300 document(s) in 0.02s
2026-08-18 14:35:15,395  DEBUG     eds_loader.connectors.mongodb  [diagnoses] dropping existing collection
2026-08-18 14:35:15,396  DEBUG     eds_loader.connectors.mongodb  [diagnoses] inserting 250 document(s)
2026-08-18 14:35:15,411  INFO      eds_loader.connectors.mongodb  [diagnoses] wrote 250 document(s) in 0.02s
2026-08-18 14:35:15,411  DEBUG     eds_loader.connectors.mongodb  [doctors] dropping existing collection
2026-08-18 14:35:15,411  DEBUG     eds_loader.connectors.mongodb  [doctors] inserting 30 document(s)
2026-08-18 14:35:15,424  INFO      eds_loader.connectors.mongodb  [doctors] wrote 30 document(s) in 0.01s
2026-08-18 14:35:15,424  DEBUG     eds_loader.connectors.mongodb  [patients] dropping existing collection
2026-08-18 14:35:15,425  DEBUG     eds_loader.connectors.mongodb  [patients] inserting 100 document(s)
2026-08-18 14:35:15,436  INFO      eds_loader.connectors.mongodb  [patients] wrote 100 document(s) in 0.01s
2026-08-18 14:35:15,436  INFO      eds_loader.loader  Load complete: 980 row(s) written across 5 table(s)
2026-08-18 14:35:15,439  INFO      eds_loader.cli.main  Run complete: 980 row(s) across 5 table(s) in 0.3s
2026-08-18 14:35:39,700  INFO      eds_loader.cli.main  eds-loader run invoked (config=loader_mongodb.yaml, dry_run=False)
2026-08-18 14:35:39,702  INFO      eds_loader.cli.main  Config loaded: source=local_fs target=mongodb tables=(all) enforce_constraints=False schema_required=True
2026-08-18 14:35:39,702  INFO      eds_loader.loader  Starting load: source=local_fs target=mongodb schema_required=True enforce_constraints=False
2026-08-18 14:35:39,702  DEBUG     eds_loader.loader  Source connector instantiated: LocalFSConnector
2026-08-18 14:35:39,702  DEBUG     eds_loader.loader  Target connector instantiated: MongoDBConnector
2026-08-18 14:35:39,702  INFO      eds_loader.loader  Reading schema.json from source
2026-08-18 14:35:39,702  ERROR     eds_loader.loader  Load failed: schema.json not found at C:\Users\Mohit Patel\Downloads\healthcare_domain_data\schema.json.
Run `eds generate <stage>` to produce it alongside the Parquet files, or check that the source path is correct.
2026-08-18 14:35:39,702  ERROR     eds_loader.cli.main  Load failed after 0.0s: schema.json not found at C:\Users\Mohit Patel\Downloads\healthcare_domain_data\schema.json.
Run `eds generate <stage>` to produce it alongside the Parquet files, or check that the source path is correct.
